// Vitest Snapshot v1, https://vitest.dev/guide/snapshot.html

exports[`Webpack 5 > testcases/webpack5 1`] = `{}`;

exports[`Webpack 5 > testcases/webpack5 2`] = `
[
  {
    "code": "/* harmony export */ require.d(exports, {
  /* harmony export */ default: () => /* binding */ m1,
  /* harmony export */
});
function m1() {
  console.log("m1");
}

/***/
",
    "id": "./src/1.js",
    "isEntry": false,
  },
  {
    "code": "/* harmony export */ require.d(exports, {
  /* harmony export */ A: () => /* binding */ A,
  /* harmony export */
});
class A {
  constructor() {
    this.label = "a";
  }

  print() {
    console.log("a", this.version);
  }
}

/***/
",
    "id": "./src/a.js",
    "isEntry": false,
  },
  {
    "code": "/* harmony export */ require.d(exports, {
  /* harmony export */ default: () =>
    /* export default binding */ __WEBPACK_DEFAULT_EXPORT__,
  /* harmony export */ version: () => /* binding */ version,
  /* harmony export */
});
const version = "1.0.0";

/* harmony default export */ function __WEBPACK_DEFAULT_EXPORT__() {
  console.log("b", version);
}

/***/
",
    "id": "./src/b.js",
    "isEntry": false,
  },
  {
    "code": "/* harmony export */ require.d(exports, {
  /* harmony export */ getC: () => /* binding */ getC,
  /* harmony export */
});
/* harmony import */ var _b_js__WEBPACK_IMPORTED_MODULE_0__ = require(/*! ./b.js */ "./src/b.js");

const getC = async () => {
  console.log("c.a", _b_js__WEBPACK_IMPORTED_MODULE_0__.version);
  const result = await fetch("https://jsonplaceholder.typicode.com/todos/1");
  const json = await result.json();
  return json;
};

/***/
",
    "id": "./src/c.js",
    "isEntry": false,
  },
  {
    "code": "/*!**********************!*\\
  !*** ./src/index.js ***!
  \\**********************/
__webpack_require__.r(__webpack_exports__);
/* harmony import */ var _a_js__WEBPACK_IMPORTED_MODULE_0__ =
  __webpack_require__(/*! ./a.js */ "./src/a.js");
/* harmony import */ var _b_js__WEBPACK_IMPORTED_MODULE_1__ =
  __webpack_require__(/*! ./b.js */ "./src/b.js");
/* harmony import */ var _c_js__WEBPACK_IMPORTED_MODULE_2__ =
  __webpack_require__(/*! ./c.js */ "./src/c.js");
/* harmony import */ var _1_js__WEBPACK_IMPORTED_MODULE_3__ =
  __webpack_require__(/*! ./1.js */ "./src/1.js");

console.log(
  _b_js__WEBPACK_IMPORTED_MODULE_1__.version,
  _a_js__WEBPACK_IMPORTED_MODULE_0__.A
);
(0, _b_js__WEBPACK_IMPORTED_MODULE_1__["default"])();
(0, _c_js__WEBPACK_IMPORTED_MODULE_2__.getC)().then(console.log);

// const M1 = await import('./1.js')
(0, _1_js__WEBPACK_IMPORTED_MODULE_3__["default"])();
",
    "id": "entry.js",
    "isEntry": true,
  },
]
`;
